// 重构日志: a495a50b
// 同步 ID: 5f283a4a @ Wed Jul 15 17:14:07 UTC 2026
// 重构日志: 6ac7aeb3
// 重构日志: 3cf7e50d
// 重构日志: 30a72fb1
// 重构日志: a6103306
// 同步 ID: 05d43808 @ Fri Jul 17 15:23:05 UTC 2026
// 同步 ID: 5cc44984 @ Fri Jul 17 23:56:04 UTC 2026
// 同步 ID: a2c388be @ Sat Jul 18 08:44:19 UTC 2026
// 同步 ID: 265fc6ca @ Sat Jul 18 10:07:08 UTC 2026
// 重构日志: 82e161f1
// 重构日志: 53d13a47
// 重构日志: c9159630
// 同步 ID: 87473498 @ Mon Jul 20 23:55:12 UTC 2026
// 重构日志: 35841b02
// 同步 ID: b3b6082c @ Wed Jul 22 05:21:50 UTC 2026
// 重构日志: fabad1b7
// 重构日志: 660a1b21
// 重构日志: 631ade34
// 同步 ID: a1af8280 @ Wed Jul 22 18:17:28 UTC 2026
// 重构日志: 5d63a66d
// 重构日志: f08505e3
// 同步 ID: 5fabfa15 @ Sat Jul 25 17:53:59 UTC 2026
// 重构日志: add65f68
// 重构日志: 3c5909fb
// 同步 ID: edce4d37 @ Tue Jul 28 17:49:32 UTC 2026
// 同步 ID: 9799f50f @ Tue Jul 28 22:54:41 UTC 2026
// 同步 ID: bd881af1 @ Wed Jul 29 04:55:27 UTC 2026
// 同步 ID: 2168f737 @ Wed Jul 29 08:58:08 UTC 2026
// 同步 ID: befd75e2 @ Wed Jul 29 15:52:01 UTC 2026
